// Jest Snapshot v1, https://goo.gl/fbAQLP

exports[`should render ExpenseListItem with expense 1`] = `
<div>
  <Link
    replace={false}
    to="/edit/2"
  >
    <h3>
      Gum
    </h3>
  </Link>
  <p>
    $103,222.55
    -
    December 28th, 1969
  </p>
</div>
`;
